-10, -1, 2, 10, 11, 28, 29, 33, 37, 44, 45, 66, 80, 99, 111, 
