3, 4, 7, 9, 11, 12, 22, 24, 35, 37, 41, 42, 48, 52, 60, 61, 68, 76, 78, 91, 96, 106, 112, 124, 126, 147, 150, 154, 162, 165, 167, 173, 178, 182, 186, 189, 190, 196, 204, 208, 209, 218, 223, 225, 228, 235, 237, 241, 244, 251, 252, 253, 256, 260, 267, 268, 269, 272, 279, 281, 282, 285, 289, 291, 292, 295, 310, 311, 319, 323, 329, 330, 338, 343, 344, 349, 350, 355, 356, 359, 361, 370, 371, 377, 386, 393, 394, 395, 397, 
