0, 1, 3, 5, 6, 7, 8, 10, 13, 15, 16, 17, 18, 20, 22, 24, 25, 27, 29, 30, 31, 32, 33, 37, 38, 39, 41, 42, 43, 44, 45, 47, 48, 49, 50, 51, 52, 53, 54, 55, 57, 58, 59, 60, 61, 62, 64, 65, 69, 71, 72, 75, 76, 78, 79, 80, 82, 83, 85, 86, 87, 88, 90, 92, 93, 94, 97, 98, 99, 101, 102, 103, 105, 106, 107, 108, 109, 111, 112, 114, 116, 117, 119, 120, 122, 123, 126, 127, 128, 129, 131, 132, 133, 134, 135, 136, 139, 141, 145, 146, 147, 148, 150, 152, 154, 155, 158, 160, 162, 164, 165, 167, 168, 169, 171, 172, 173, 174, 175, 176, 177, 180, 181, 182, 184, 186, 187, 188, 189, 190, 193, 195, 196, 197, 198, 200, 202, 203, 205, 206, 208, 209, 210, 213, 216, 217, 218, 219, 221, 225, 227, 229, 231, 233, 234, 235, 237, 239, 243, 244, 245, 246, 248, 249, 250, 252, 253, 255, 256, 257, 258, 259, 261, 262, 263, 264, 265, 266, 267, 269, 270, 271, 272, 274, 276, 277, 278, 279, 282, 283, 284, 285, 286, 288, 289, 291, 297, 298, 299, 300, 
