1, 3, 5, 6, 7, 12, 13, 14, 15, 16, 18, 19, 21, 22, 23, 33, 34, 35, 42, 45, 46, 47, 48, 49, 53, 54, 56, 63, 69, 71, 72, 74, 75, 76, 77, 79, 80, 84, 85, 87, 88, 89, 92, 93, 96, 97, 98, 99, 100, 101, 106, 111, 112, 113, 114, 116, 117, 120, 122, 125, 126, 127, 128, 130, 131, 132, 133, 135, 137, 138, 140, 141, 143, 148, 149, 150, 151, 153, 159, 160, 162, 164, 165, 167, 168, 169, 172, 174, 177, 178, 179, 181, 185, 186, 187, 189, 197, 198, 199, 200, 
