148, 167, 280, 297, 303, 352, 447, 504, 522, 574, 575, 597, 
