0, 4, 5, 12, 18, 27, 28, 29, 34, 37, 40, 41, 44, 45, 47, 49, 53, 55, 57, 59, 64, 69, 71, 73, 75, 76, 79, 82, 83, 85, 87, 88, 89, 91, 92, 96, 100, 
