100, 101, 103, 104, 106, 108, 109, 111, 112, 114, 116, 121, 122, 123, 124, 125, 127, 129, 130, 132, 133, 136, 137, 138, 141, 142, 147, 148, 149, 152, 154, 161, 162, 164, 166, 169, 172, 175, 176, 178, 181, 182, 185, 187, 189, 190, 192, 195, 198, 199, 202, 203, 204, 205, 206, 208, 210, 212, 213, 215, 218, 219, 220, 223, 225, 226, 233, 237, 239, 240, 241, 243, 244, 247, 251, 252, 253, 254, 256, 260, 262, 263, 267, 273, 274, 275, 276, 279, 280, 281, 282, 288, 289, 290, 291, 292, 295, 298, 300, 
